[2026-09-29 12:43:18] local.ERROR: The "--columns" option does not exist. {"exception":"[object] (Symfony\\Component\\Console\\Exception\\RuntimeException(code: 0): The \"--columns\" option does not exist. at /mnt/data/nvidia_release/nvidia/vendor/symfony/console/Input/ArgvInput.php:220)
[stacktrace]
#0 /mnt/data/nvidia_release/nvidia/vendor/symfony/console/Input/ArgvInput.php(147): Symfony\\Component\\Console\\Input\\ArgvInput->addLongOption()
#1 /mnt/data/nvidia_release/nvidia/vendor/symfony/console/Input/ArgvInput.php(82): Symfony\\Component\\Console\\Input\\ArgvInput->parseLongOption()
#2 /mnt/data/nvidia_release/nvidia/vendor/symfony/console/Input/ArgvInput.php(71): Symfony\\Component\\Console\\Input\\ArgvInput->parseToken()
#3 /mnt/data/nvidia_release/nvidia/vendor/symfony/console/Input/Input.php(55): Symfony\\Component\\Console\\Input\\ArgvInput->parse()
#4 /mnt/data/nvidia_release/nvidia/vendor/symfony/console/Command/Command.php(250): Symfony\\Component\\Console\\Input\\Input->bind()
#5 /mnt/data/nvidia_release/nvidia/vendor/laravel/framework/src/Illuminate/Console/Command.php(152): Symfony\\Component\\Console\\Command\\Command->run()
#6 /mnt/data/nvidia_release/nvidia/vendor/symfony/console/Application.php(1014): Illuminate\\Console\\Command->run()
#7 /mnt/data/nvidia_release/nvidia/vendor/symfony/console/Application.php(301): Symfony\\Component\\Console\\Application->doRunCommand()
#8 /mnt/data/nvidia_release/nvidia/vendor/symfony/console/Application.php(171): Symfony\\Component\\Console\\Application->doRun()
#9 /mnt/data/nvidia_release/nvidia/vendor/laravel/framework/src/Illuminate/Console/Application.php(102): Symfony\\Component\\Console\\Application->run()
#10 /mnt/data/nvidia_release/nvidia/vendor/laravel/framework/src/Illuminate/Foundation/Console/Kernel.php(155): Illuminate\\Console\\Application->run()
#11 /mnt/data/nvidia_release/nvidia/artisan(35): Illuminate\\Foundation\\Console\\Kernel->handle()
#12 {main}
"} 
[2026-09-29 12:44:34] local.ERROR: View path not found. {"exception":"[object] (RuntimeException(code: 0): View path not found. at /mnt/data/nvidia_release/nvidia/vendor/laravel/framework/src/Illuminate/Foundation/Console/ViewClearCommand.php:70)
[stacktrace]
#0 /mnt/data/nvidia_release/nvidia/vendor/laravel/framework/src/Illuminate/Container/BoundMethod.php(36): Illuminate\\Foundation\\Console\\ViewClearCommand->handle()
#1 /mnt/data/nvidia_release/nvidia/vendor/laravel/framework/src/Illuminate/Container/Util.php(41): Illuminate\\Container\\BoundMethod::{closure:Illuminate\\Container\\BoundMethod::call():35}()
#2 /mnt/data/nvidia_release/nvidia/vendor/laravel/framework/src/Illuminate/Container/BoundMethod.php(93): Illuminate\\Container\\Util::unwrapIfClosure()
#3 /mnt/data/nvidia_release/nvidia/vendor/laravel/framework/src/Illuminate/Container/BoundMethod.php(35): Illuminate\\Container\\BoundMethod::callBoundMethod()
#4 /mnt/data/nvidia_release/nvidia/vendor/laravel/framework/src/Illuminate/Container/Container.php(661): Illuminate\\Container\\BoundMethod::call()
#5 /mnt/data/nvidia_release/nvidia/vendor/laravel/framework/src/Illuminate/Console/Command.php(183): Illuminate\\Container\\Container->call()
#6 /mnt/data/nvidia_release/nvidia/vendor/symfony/console/Command/Command.php(291): Illuminate\\Console\\Command->execute()
#7 /mnt/data/nvidia_release/nvidia/vendor/laravel/framework/src/Illuminate/Console/Command.php(152): Symfony\\Component\\Console\\Command\\Command->run()
#8 /mnt/data/nvidia_release/nvidia/vendor/laravel/framework/src/Illuminate/Console/Concerns/CallsCommands.php(67): Illuminate\\Console\\Command->run()
#9 /mnt/data/nvidia_release/nvidia/vendor/laravel/framework/src/Illuminate/Console/Concerns/CallsCommands.php(40): Illuminate\\Console\\Command->runCommand()
#10 /mnt/data/nvidia_release/nvidia/vendor/laravel/framework/src/Illuminate/Foundation/Console/ViewCacheCommand.php(47): Illuminate\\Console\\Command->callSilent()
#11 /mnt/data/nvidia_release/nvidia/vendor/laravel/framework/src/Illuminate/Container/BoundMethod.php(36): Illuminate\\Foundation\\Console\\ViewCacheCommand->handle()
#12 /mnt/data/nvidia_release/nvidia/vendor/laravel/framework/src/Illuminate/Container/Util.php(41): Illuminate\\Container\\BoundMethod::{closure:Illuminate\\Container\\BoundMethod::call():35}()
#13 /mnt/data/nvidia_release/nvidia/vendor/laravel/framework/src/Illuminate/Container/BoundMethod.php(93): Illuminate\\Container\\Util::unwrapIfClosure()
#14 /mnt/data/nvidia_release/nvidia/vendor/laravel/framework/src/Illuminate/Container/BoundMethod.php(35): Illuminate\\Container\\BoundMethod::callBoundMethod()
#15 /mnt/data/nvidia_release/nvidia/vendor/laravel/framework/src/Illuminate/Container/Container.php(661): Illuminate\\Container\\BoundMethod::call()
#16 /mnt/data/nvidia_release/nvidia/vendor/laravel/framework/src/Illuminate/Console/Command.php(183): Illuminate\\Container\\Container->call()
#17 /mnt/data/nvidia_release/nvidia/vendor/symfony/console/Command/Command.php(291): Illuminate\\Console\\Command->execute()
#18 /mnt/data/nvidia_release/nvidia/vendor/laravel/framework/src/Illuminate/Console/Command.php(152): Symfony\\Component\\Console\\Command\\Command->run()
#19 /mnt/data/nvidia_release/nvidia/vendor/symfony/console/Application.php(1014): Illuminate\\Console\\Command->run()
#20 /mnt/data/nvidia_release/nvidia/vendor/symfony/console/Application.php(301): Symfony\\Component\\Console\\Application->doRunCommand()
#21 /mnt/data/nvidia_release/nvidia/vendor/symfony/console/Application.php(171): Symfony\\Component\\Console\\Application->doRun()
#22 /mnt/data/nvidia_release/nvidia/vendor/laravel/framework/src/Illuminate/Console/Application.php(102): Symfony\\Component\\Console\\Application->run()
#23 /mnt/data/nvidia_release/nvidia/vendor/laravel/framework/src/Illuminate/Foundation/Console/Kernel.php(155): Illuminate\\Console\\Application->run()
#24 /mnt/data/nvidia_release/nvidia/artisan(35): Illuminate\\Foundation\\Console\\Kernel->handle()
#25 {main}
"} 
